src/app/admin/dashboard/page.tsx(191,45): error TS2322: Type '(value: number) => string' is not assignable to type 'Formatter<number, NameType> & ((value: number, name: NameType, item: Payload<number, NameType>, index: number, payload: Payload<number, NameType>[]) => ReactNode | [...])'.
  Type '(value: number) => string' is not assignable to type 'Formatter<number, NameType>'.
    Types of parameters 'value' and 'value' are incompatible.
      Type 'number | undefined' is not assignable to type 'number'.
        Type 'undefined' is not assignable to type 'number'.
src/app/order/checkout/page.tsx(9,26): error TS2307: Cannot find module '@/components/ui/textarea' or its corresponding type declarations.
src/app/order/checkout/page.tsx(156,56): error TS7006: Parameter 'e' implicitly has an 'any' type.
src/app/pos/page.tsx(10,28): error TS2307: Cannot find module '@/components/ui/scroll-area' or its corresponding type declarations.
